
Memory Configuration

Name             Origin             Length             Attributes
text             0x0000000000000000 0x0000000000020000 xr
data             0x0000000000800060 0x000000000000ffa0 rw !x
eeprom           0x0000000000810000 0x0000000000010000 rw !x
fuse             0x0000000000820000 0x0000000000000400 rw !x
lock             0x0000000000830000 0x0000000000000400 rw !x
signature        0x0000000000840000 0x0000000000000400 rw !x
user_signatures  0x0000000000850000 0x0000000000000400 rw !x
*default*        0x0000000000000000 0xffffffffffffffff

Linker script and memory map

Address of section .data set to 0x800100
LOAD /tmp/ccp60qCa.o
LOAD /tmp/ccjsFP2K.o
LOAD /tmp/ccHsgRww.o
LOAD /tmp/ccn3PpUf.o
LOAD /tmp/ccPwqxej.o
                0x0000000000000000                __TEXT_REGION_ORIGIN__ = DEFINED (__TEXT_REGION_ORIGIN__)?__TEXT_REGION_ORIGIN__:0x0
                0x0000000000800060                __DATA_REGION_ORIGIN__ = DEFINED (__DATA_REGION_ORIGIN__)?__DATA_REGION_ORIGIN__:0x800060
                0x0000000000020000                __TEXT_REGION_LENGTH__ = DEFINED (__TEXT_REGION_LENGTH__)?__TEXT_REGION_LENGTH__:0x20000
                0x000000000000ffa0                __DATA_REGION_LENGTH__ = DEFINED (__DATA_REGION_LENGTH__)?__DATA_REGION_LENGTH__:0xffa0
                0x0000000000010000                __EEPROM_REGION_LENGTH__ = DEFINED (__EEPROM_REGION_LENGTH__)?__EEPROM_REGION_LENGTH__:0x10000
                0x0000000000000400                __FUSE_REGION_LENGTH__ = DEFINED (__FUSE_REGION_LENGTH__)?__FUSE_REGION_LENGTH__:0x400
                0x0000000000000400                __LOCK_REGION_LENGTH__ = DEFINED (__LOCK_REGION_LENGTH__)?__LOCK_REGION_LENGTH__:0x400
                0x0000000000000400                __SIGNATURE_REGION_LENGTH__ = DEFINED (__SIGNATURE_REGION_LENGTH__)?__SIGNATURE_REGION_LENGTH__:0x400
                0x0000000000000400                __USER_SIGNATURE_REGION_LENGTH__ = DEFINED (__USER_SIGNATURE_REGION_LENGTH__)?__USER_SIGNATURE_REGION_LENGTH__:0x400

.hash
 *(.hash)

.dynsym
 *(.dynsym)

.dynstr
 *(.dynstr)

.gnu.version
 *(.gnu.version)

.gnu.version_d
 *(.gnu.version_d)

.gnu.version_r
 *(.gnu.version_r)

.rel.init
 *(.rel.init)

.rela.init
 *(.rela.init)

.rel.text
 *(.rel.text)
 *(.rel.text.*)
 *(.rel.gnu.linkonce.t*)

.rela.text
 *(.rela.text)
 *(.rela.text.*)
 *(.rela.gnu.linkonce.t*)

.rel.fini
 *(.rel.fini)

.rela.fini
 *(.rela.fini)

.rel.rodata
 *(.rel.rodata)
 *(.rel.rodata.*)
 *(.rel.gnu.linkonce.r*)

.rela.rodata
 *(.rela.rodata)
 *(.rela.rodata.*)
 *(.rela.gnu.linkonce.r*)

.rel.data
 *(.rel.data)
 *(.rel.data.*)
 *(.rel.gnu.linkonce.d*)

.rela.data
 *(.rela.data)
 *(.rela.data.*)
 *(.rela.gnu.linkonce.d*)

.rel.ctors
 *(.rel.ctors)

.rela.ctors
 *(.rela.ctors)

.rel.dtors
 *(.rel.dtors)

.rela.dtors
 *(.rela.dtors)

.rel.got
 *(.rel.got)

.rela.got
 *(.rela.got)

.rel.bss
 *(.rel.bss)

.rela.bss
 *(.rela.bss)

.rel.plt
 *(.rel.plt)

.rela.plt
 *(.rela.plt)

.text           0x0000000000000000      0x734
 *(.vectors)
 .vectors       0x0000000000000000        0x8 /tmp/ccp60qCa.o
                0x0000000000000000                __vectors
 *(.vectors)
 *(.progmem.gcc*)
                0x0000000000000008                . = ALIGN (0x2)
                0x0000000000000008                __trampolines_start = .
 *(.trampolines)
 .trampolines   0x0000000000000008        0x0 linker stubs
 *(.trampolines*)
                0x0000000000000008                __trampolines_end = .
 *libprintf_flt.a:*(.progmem.data)
 *libc.a:*(.progmem.data)
 *(.progmem*)
                0x0000000000000008                . = ALIGN (0x2)
 *(.jumptables)
 *(.jumptables*)
 *(.lowtext)
 *(.lowtext*)
                0x0000000000000008                __ctors_start = .
 *(.ctors)
                0x0000000000000008                __ctors_end = .
                0x0000000000000008                __dtors_start = .
 *(.dtors)
                0x0000000000000008                __dtors_end = .
 SORT(*)(.ctors)
 SORT(*)(.dtors)
 *(.init0)
 .init0         0x0000000000000008        0xe /tmp/ccp60qCa.o
                0x0000000000000008                __init
 *(.init0)
 *(.init1)
 *(.init1)
 *(.init2)
 *(.init2)
 *(.init3)
 *(.init3)
 *(.init4)
 .init4         0x0000000000000016       0x1a /tmp/ccp60qCa.o
 *(.init4)
 *(.init5)
 *(.init5)
 *(.init6)
 *(.init6)
 *(.init7)
 *(.init7)
 *(.init8)
 .init8         0x0000000000000030       0x16 /tmp/ccp60qCa.o
                0x0000000000000030                __do_global_ctors
 *(.init8)
 *(.init9)
 .init9         0x0000000000000046        0x8 /tmp/ccp60qCa.o
 *(.init9)
 *(.text)
 .text          0x000000000000004e        0x2 /tmp/ccp60qCa.o
                0x000000000000004e                __bad_interrupt
 .text          0x0000000000000050        0x0 /tmp/ccjsFP2K.o
 .text          0x0000000000000050      0x3d0 /tmp/ccHsgRww.o
                0x0000000000000050                __umulhisi3
                0x000000000000005a                __divmodhi4
                0x0000000000000410                memset
 .text          0x0000000000000420      0x120 /tmp/ccn3PpUf.o
                0x0000000000000420                USART_Init
                0x0000000000000438                USART_Transmit
                0x0000000000000446                USART_SendString
                0x0000000000000464                USART_SendCharArr
                0x000000000000048e                USART_SendInt
 .text          0x0000000000000540      0x1ac /tmp/ccPwqxej.o
                0x0000000000000540                heap_init
                0x0000000000000564                malloc
                0x000000000000063a                free
                0x00000000000006ec                . = ALIGN (0x2)
 *(.text.*)
 .text.startup  0x00000000000006ec       0x32 /tmp/ccjsFP2K.o
                0x00000000000006ec                main
                0x000000000000071e                . = ALIGN (0x2)
 *(.fini9)
 *(.fini9)
 *(.fini8)
 .fini8         0x000000000000071e       0x16 /tmp/ccp60qCa.o
                0x000000000000071e                __do_global_dtors
 *(.fini8)
 *(.fini7)
 *(.fini7)
 *(.fini6)
 *(.fini6)
 *(.fini5)
 *(.fini5)
 *(.fini4)
 *(.fini4)
 *(.fini3)
 *(.fini3)
 *(.fini2)
 *(.fini2)
 *(.fini1)
 *(.fini1)
 *(.fini0)
 *(.fini0)
                0x0000000000000734                _etext = .

.data           0x0000000000800100        0xa load address 0x0000000000000734
                0x0000000000800100                PROVIDE (__data_start, .)
 *(.data)
 .data          0x0000000000800100        0x0 /tmp/ccp60qCa.o
 .data          0x0000000000800100        0xa /tmp/ccjsFP2K.o
                0x0000000000800100                buffer
 .data          0x000000000080010a        0x0 /tmp/ccHsgRww.o
 .data          0x000000000080010a        0x0 /tmp/ccn3PpUf.o
 .data          0x000000000080010a        0x0 /tmp/ccPwqxej.o
 *(.data*)
 *(.gnu.linkonce.d*)
 *(.rodata)
 *(.rodata*)
 *(.gnu.linkonce.r*)
                0x000000000080010a                . = ALIGN (0x2)
                0x000000000080010a                _edata = .
                0x000000000080010a                PROVIDE (__data_end, .)

.bss            0x000000000080010a        0x4
                [!provide]                        PROVIDE (__bss_start, .)
 *(.bss)
 .bss           0x000000000080010a        0x0 /tmp/ccp60qCa.o
 .bss           0x000000000080010a        0x0 /tmp/ccjsFP2K.o
 .bss           0x000000000080010a        0x0 /tmp/ccHsgRww.o
 .bss           0x000000000080010a        0x0 /tmp/ccn3PpUf.o
 .bss           0x000000000080010a        0x4 /tmp/ccPwqxej.o
 *(.bss*)
 *(COMMON)
                [!provide]                        PROVIDE (__bss_end, .)
                0x0000000000000734                __data_load_start = LOADADDR (.data)
                0x000000000000073e                __data_load_end = (__data_load_start + SIZEOF (.data))

.noinit         0x000000000080010e        0x0
                [!provide]                        PROVIDE (__noinit_start, .)
 *(.noinit*)
                [!provide]                        PROVIDE (__noinit_end, .)
                0x000000000080010e                _end = .
                [!provide]                        PROVIDE (__heap_start, .)

.eeprom         0x0000000000810000        0x0
 *(.eeprom*)
                0x0000000000810000                __eeprom_end = .

.fuse
 *(.fuse)
 *(.lfuse)
 *(.hfuse)
 *(.efuse)

.lock
 *(.lock*)

.signature
 *(.signature*)

.user_signatures
 *(.user_signatures*)

.stab
 *(.stab)

.stabstr
 *(.stabstr)

.stab.excl
 *(.stab.excl)

.stab.exclstr
 *(.stab.exclstr)

.stab.index
 *(.stab.index)

.stab.indexstr
 *(.stab.indexstr)

.comment        0x0000000000000000       0x11
 *(.comment)
 .comment       0x0000000000000000       0x11 /tmp/ccjsFP2K.o
                                         0x12 (size before relaxing)
 .comment       0x0000000000000011       0x12 /tmp/ccHsgRww.o
 .comment       0x0000000000000011       0x12 /tmp/ccn3PpUf.o
 .comment       0x0000000000000011       0x12 /tmp/ccPwqxej.o

.note.gnu.build-id
 *(.note.gnu.build-id)

.debug
 *(.debug)

.line
 *(.line)

.debug_srcinfo
 *(.debug_srcinfo)

.debug_sfnames
 *(.debug_sfnames)

.debug_aranges
 *(.debug_aranges)

.debug_pubnames
 *(.debug_pubnames)

.debug_info
 *(.debug_info .gnu.linkonce.wi.*)

.debug_abbrev
 *(.debug_abbrev)

.debug_line
 *(.debug_line .debug_line.* .debug_line_end)

.debug_frame
 *(.debug_frame)

.debug_str
 *(.debug_str)

.debug_loc
 *(.debug_loc)

.debug_macinfo
 *(.debug_macinfo)

.debug_weaknames
 *(.debug_weaknames)

.debug_funcnames
 *(.debug_funcnames)

.debug_typenames
 *(.debug_typenames)

.debug_varnames
 *(.debug_varnames)

.debug_pubtypes
 *(.debug_pubtypes)

.debug_ranges
 *(.debug_ranges)

.debug_macro
 *(.debug_macro)
OUTPUT(main.elf elf32-avr)
LOAD linker stubs
